src/components/analytics/ChurnRiskDashboard.tsx(3,29): error TS6133: 'ChurnRiskData' is declared but its value is never read.
src/components/analytics/ChurnRiskDashboard.tsx(4,1): error TS6133: 'Customer' is declared but its value is never read.
src/components/analytics/CohortAnalysis.tsx(177,43): error TS6133: 'isFuture' is declared but its value is never read.
src/components/analytics/CohortAnalysis.tsx(183,43): error TS6133: 'opacity' is declared but its value is never read.
src/components/analytics/CustomerPerformanceDetail.tsx(80,18): error TS2741: Property 'gradient' is missing in type '{ icon: string; label: string; value: string; }' but required in type 'StatCardProps'.
src/components/analytics/CustomerPerformanceDetail.tsx(81,18): error TS2741: Property 'gradient' is missing in type '{ icon: string; label: string; value: string; }' but required in type 'StatCardProps'.
src/components/analytics/CustomerPerformanceDetail.tsx(82,18): error TS2741: Property 'gradient' is missing in type '{ icon: string; label: string; value: string; }' but required in type 'StatCardProps'.
src/components/analytics/CustomerSegmentation.tsx(4,28): error TS6133: 'CustomerSegment' is declared but its value is never read.
src/components/customer/CustomerOverview.tsx(11,7): error TS6133: 'btnPrimary' is declared but its value is never read.
src/components/LocationInsights.tsx(2,71): error TS6133: 'ExternalLink' is declared but its value is never read.
src/components/LocationInsights.tsx(45,11): error TS6133: 'getWeatherIcon' is declared but its value is never read.
src/services/alertService.ts(19,5): error TS6133: 'sales' is declared but its value is never read.
src/utils/churnPrediction.ts(19,5): error TS6133: 'sales' is declared but its value is never read.
